// Jest Snapshot v1, https://goo.gl/fbAQLP

exports[`table snapshot 1`] = `
Object {
  "asFragment": [Function],
  "baseElement": <body>
    <div>
      <div>
        <div>
          <div
            style="height: 100vh; width: 98vw; margin-bottom: 2rem;"
          >
            <table
              class="MuiTable-root MuiTable-stickyHeader css-xn82ks-MuiTable-root"
            >
              <thead
                class="MuiTableHead-root css-15wwp11-MuiTableHead-root"
              >
                <th
                  class="MuiTableCell-root MuiTableCell-head MuiTableCell-stickyHeader MuiTableCell-alignCenter MuiTableCell-sizeMedium css-dwuj3p-MuiTableCell-root"
                  scope="col"
                  style="color: white; font-size: 20px; font-weight: bold; background-color: gray;"
                >
                  TITLE
                </th>
                <th
                  class="MuiTableCell-root MuiTableCell-head MuiTableCell-stickyHeader MuiTableCell-alignCenter MuiTableCell-sizeMedium css-dwuj3p-MuiTableCell-root"
                  scope="col"
                  style="color: white; font-size: 20px; font-weight: bold; background-color: gray;"
                >
                  URL
                </th>
                <th
                  class="MuiTableCell-root MuiTableCell-head MuiTableCell-stickyHeader MuiTableCell-alignCenter MuiTableCell-sizeMedium css-dwuj3p-MuiTableCell-root"
                  scope="col"
                  style="color: white; font-size: 20px; font-weight: bold; background-color: gray;"
                >
                  CREATED AT
                </th>
                <th
                  class="MuiTableCell-root MuiTableCell-head MuiTableCell-stickyHeader MuiTableCell-alignCenter MuiTableCell-sizeMedium css-dwuj3p-MuiTableCell-root"
                  scope="col"
                  style="color: white; font-size: 20px; font-weight: bold; background-color: gray;"
                >
                  AUTHOR
                </th>
              </thead>
              <tbody
                class="MuiTableBody-root css-apqrd9-MuiTableBody-root"
              />
            </table>
            <div />
          </div>
        </div>
      </div>
    </div>
  </body>,
  "container": <div>
    <div>
      <div>
        <div
          style="height: 100vh; width: 98vw; margin-bottom: 2rem;"
        >
          <table
            class="MuiTable-root MuiTable-stickyHeader css-xn82ks-MuiTable-root"
          >
            <thead
              class="MuiTableHead-root css-15wwp11-MuiTableHead-root"
            >
              <th
                class="MuiTableCell-root MuiTableCell-head MuiTableCell-stickyHeader MuiTableCell-alignCenter MuiTableCell-sizeMedium css-dwuj3p-MuiTableCell-root"
                scope="col"
                style="color: white; font-size: 20px; font-weight: bold; background-color: gray;"
              >
                TITLE
              </th>
              <th
                class="MuiTableCell-root MuiTableCell-head MuiTableCell-stickyHeader MuiTableCell-alignCenter MuiTableCell-sizeMedium css-dwuj3p-MuiTableCell-root"
                scope="col"
                style="color: white; font-size: 20px; font-weight: bold; background-color: gray;"
              >
                URL
              </th>
              <th
                class="MuiTableCell-root MuiTableCell-head MuiTableCell-stickyHeader MuiTableCell-alignCenter MuiTableCell-sizeMedium css-dwuj3p-MuiTableCell-root"
                scope="col"
                style="color: white; font-size: 20px; font-weight: bold; background-color: gray;"
              >
                CREATED AT
              </th>
              <th
                class="MuiTableCell-root MuiTableCell-head MuiTableCell-stickyHeader MuiTableCell-alignCenter MuiTableCell-sizeMedium css-dwuj3p-MuiTableCell-root"
                scope="col"
                style="color: white; font-size: 20px; font-weight: bold; background-color: gray;"
              >
                AUTHOR
              </th>
            </thead>
            <tbody
              class="MuiTableBody-root css-apqrd9-MuiTableBody-root"
            />
          </table>
          <div />
        </div>
      </div>
    </div>
  </div>,
  "debug": [Function],
  "findAllByAltText": [Function],
  "findAllByDisplayValue": [Function],
  "findAllByLabelText": [Function],
  "findAllByPlaceholderText": [Function],
  "findAllByRole": [Function],
  "findAllByTestId": [Function],
  "findAllByText": [Function],
  "findAllByTitle": [Function],
  "findByAltText": [Function],
  "findByDisplayValue": [Function],
  "findByLabelText": [Function],
  "findByPlaceholderText": [Function],
  "findByRole": [Function],
  "findByTestId": [Function],
  "findByText": [Function],
  "findByTitle": [Function],
  "getAllByAltText": [Function],
  "getAllByDisplayValue": [Function],
  "getAllByLabelText": [Function],
  "getAllByPlaceholderText": [Function],
  "getAllByRole": [Function],
  "getAllByTestId": [Function],
  "getAllByText": [Function],
  "getAllByTitle": [Function],
  "getByAltText": [Function],
  "getByDisplayValue": [Function],
  "getByLabelText": [Function],
  "getByPlaceholderText": [Function],
  "getByRole": [Function],
  "getByTestId": [Function],
  "getByText": [Function],
  "getByTitle": [Function],
  "queryAllByAltText": [Function],
  "queryAllByDisplayValue": [Function],
  "queryAllByLabelText": [Function],
  "queryAllByPlaceholderText": [Function],
  "queryAllByRole": [Function],
  "queryAllByTestId": [Function],
  "queryAllByText": [Function],
  "queryAllByTitle": [Function],
  "queryByAltText": [Function],
  "queryByDisplayValue": [Function],
  "queryByLabelText": [Function],
  "queryByPlaceholderText": [Function],
  "queryByRole": [Function],
  "queryByTestId": [Function],
  "queryByText": [Function],
  "queryByTitle": [Function],
  "rerender": [Function],
  "unmount": [Function],
}
`;
